// Jest Snapshot v1, https://goo.gl/fbAQLP

exports[`Button Renders button 1`] = `
<button
  className="button"
  onClick={[Function]}
>
  Button
</button>
`;
